@main {
    copy1: int = const 4;
    print copy1;
}
